100042.2070@CompuServe.COM,
100322.2376@compuserve.com,
100410.3063@compuserve.com,
71362.22@CompuServe.COM,
73374.313@compuserve.com,
75730.2257@compuserve.com,
76400.3371@CompuServe.COM,
76400.3371@compuserve.com,
A.Ballardie@cs.ucl.ac.uk,
A.P.Hobson@bra0112.wins.icl.co.uk,
AXON_Networks_Inc..@notes.axon.com,
A_Petras@web.de,
Abhay_Rajaram@3Com.com,
Adrian.Hornby@aran.co.uk,
Adrian_Popescu@groove.net,
Alain.Durand@imag.fr,
Alain.Robert@HMRinc.com,
AlanF@zonal.co.uk,
Alex.Duncan@sse.ie,
Allen_Wei@arborsoft.com,
Amitava.Dutta@WoodbridgeNJ.ncr.com,
Amy_Weaver@NAI.com,
Andre.Kramer@ansa.co.uk,
Andrea_maria.Premoli@icn.siemens.it,
AndresSH@alamin.org,
Andrew.Tune@splitlock.com,
Ansgar.Bergmann@etsi.fr,
Armstrong.wbst128@XEROX.COM,
Arne.Haugland@parasoldev.com,
Arne.Norefors@ericsson.com,
Asher.Altman@GSC.GTE.Com,
Ashit.Patel@eng.Sun.COM,
AshvinS@microsoft.com,
Avshalom@ubique.com,
BAMackey@aol.com,
BERG_MIKE@tandem.com,
BGFOSS@rchvmv.vnet.ibm.com,
BKaiser@palindrome.com,
BKasman@symantec.com,
BOBBRETON@HOTMAIL.COM,
BOlson@veritas.com,
BRYCEBH@Attachmate.com,
BThomas@F.BBN.COM,
Baiju.v.patel@intel.com,
Beverly_Moody@stercomm.com,
Bill.Crawford@securicor.co.uk,
Bill.Simpson@um.cc.umich.edu,
Bill.Somerville@OnDemandSoftware.com,
Bill@allentek.com,
BobF@mrp3.com,
Boris_Maiden@smtp.microcom.com,
Braden@ISI.EDU,
Braden@isi.edu,
Brett_Green@HP.Com,
Brian.Ives@BadgerNT.com,
Brian.Klassen@Unisys.com,
Brian.Stewart@Avocent.com,
Brian.Stewart@Avovent.com,
Brian_Martinicky@automationintelligence.com,
Bridget_Navoda@dell.com,
Bruce.Hestand@veritas.com,
BrunoRistok@cs-ag.de,
C.Wren@lucent.com,
CALHOUN@admin.eicon.qc.ca,
CKramer@gis.shl.com,
CRISSON@ralvm12.vnet.ibm.com,
CVENKATA@us.oracle.com,
Cadams@entrust.com,
Cameron_Young@inetco.com,
Carl.L.First@intel.com,
Casner@isi.edu,
ChrisRom@attachmate.com,
Christian.Callsen@eng.sun.com,
ChristianS@asymetrix.com,
Christian_Rubach@bestsoftware.com,
ChristopherA@consensus.com,
Christopher_Wells@3com.com,
Colin@kana.com,
Craig_J_Langfahl@ccm.ch.intel.com,
Croft@SUMEX-AIM.STANFORD.EDU,
CurtisB@creativedesign.com,
DARcorp@aol.com,
DBourland@smausa.com,
DESCHON@ISI.EDU,
DIA3@PAXRV-NES.NAVY.MIL,
DLeclerc@banyan.com,
DMisunas@micom.com,
DON_LOUGHRY@hp-cupertino-om4.om.hp.com,
Dagfinn@admins.com,
Daisy_Tam@bmc.com,
Dan.A.Davis@hp.com,
Daniel@sorlov.com,
Dannis_Yang@candle.com,
Dave.Neudoerffer@ianywhere.com,
DaveBelliveau@cornerstonesoftware.com,
DaveBelliveau@corsof.com,
David.Pierce@natinst.com,
David_Tong@integrated.mb.ca,
David_Troeger@dell.com,
Denis.Girault@evidian.com,
DennisR@dair.com,
Devon_Shows@crow.bmc.com,
Dima_Seliverstov@bmc.com,
Dmitry_Krasnonosenkih@nmss.com,
Dolecheck@IPMetrics.com,
Dolores.Scott@L-3security.com,
Don.Payette@unisys.com,
Donald.Kallgren@nc3a.nato.int,
Doug@Royer.com,
Dror.Harari@isgsoft.com,
Duncan.Hare@synoia.com,
EAK@MORDOR.S1.GOV,
EBM@XX.LCS.MIT.EDU,
Edgar_Tu@playstation.sony.com,
Edmund_Chang@bmc.com,
Eric_Dittert@ccm.jf.intel.com,
FJG030@email.mot.com,
Fizzban@swcombine.com,
Fons.Rademakers@cern.ch,
Fred_Yao@DDIGATE2.desktopdata.com,
Frederic.Hemmer@cern.ch,
G.Ross@ccw.gov.uk,
GBELING@ISI.EDU,
GCHE@kastenchase.com,
GK@ACM.ORG,
GMALKIN@XYLOGICS.COM,
Gamma@MINTAKA.DCA.MIL,
Gary.Ciampa@sas.com,
GaryL@hq.mylex.com,
Gassho.Kasuhito@exc.epson.co.jp,
Geoff@FERNWOOD.MPK.CA.US,
George.Baletsa@tfn.com,
George.Pajari@faximum.com,
GeorgeGi@Attachmate.com,
Georgegi@Attachmate.com,
Gerben_Wierda@RnA.nl,
GilH@aks.com,
GlenP@multigen.com,
Greg_Pflaum@uunet.uu.net,
Greg_Rose@sydney.sterling.com,
GregorR@compuduo.com,
Gregory_Mike@msmail.iipo.gtegsc.com,
Guenther.Kroenert@fujitsu-siemens.com,
Guy_Keren@mail.stil.scitex.com,
HHG01200@niftyserve.or.jp,
HP-UnitedKingdom_om6@hplb.hpl.hp.com,
HWJensen@nfsrv.avionics.itt.com,
Harinder.Bhasin@Sun.COM,
HerbS@cntc.com,
Holger.Reif@prakinf.tu-ilmenau.de,
Huitema@microsoft.com,
Humberto_Sanchez@hp.com,
IANA_Contact@Agilent.com,
Ian_Miller@scientia.com,
Ishida.Hitoshi@exc.epson.co.jp,
Ito@pcnet.ks.pfu.co.jp,
Ivana.Cuozzo@tivoli.com,
J.A.Sever@bra0119.wins.icl.co.uk,
J.Gilbert@ma30.bull.com,
JAY@calc.vet.uga.edu,
JDiaz@EmpriseCorporation.com,
JKyle@SpeedwaySoftware.com,
JMertz+RV09@rvdc.unisys.com,
JRosarky@symantec.com,
Jack.Baker@L-3Com.com,
JackW@travsoft.com,
Jacob.Ulmert@se.abb.com,
Jakob.Spies@genius.de,
James.Marsh@sandtechnology.com,
Jamesk@versatek.com,
Jean-Christophe_Desire@NMS-Europe.com,
Jeff.Holmbeck@veritas.com,
Jeff.Hughes@columbiasc.ncr.com,
Jem.Treadwell@compaq.com,
Jennifer_Grace@3com.com,
Jesus_A._Ortiz@notes.emotion.com,
Jhasselkus@VisualNetworks.com,
Jim.McDonald@sysdm.com,
Jim_White@spiderisland.com,
Jleupen@aol.com,
Joe.Devlin@rocketsoftware.com,
John.Clifford@veritas.com,
John.McKernan@sun.com,
John.Wood@netiq.com,
Joseph_M_LoPilato@notes.seagate.com,
Juergen.Edelhaeuser@locanis.com,
Juergen_Fischbach@agilent.com,
Julian_Satran@il.ibm.com,
K.Kretschmann@security-gui.de,
KARL-D@OSU-20.IRCC.OHIO-STATE.EDU,
KGUNE%HUJIVM1.bitnet@taunivm.tau.ac.il,
KHB05271@nifty.com,
KHBO5271@nifty.com,
KQuitt@IEEInc.com,
KatyM@LapLink.com,
KeithA@fastfreenet.com,
Kenny_Garrison@csicontrols.com,
Kevin.Welton@armltd.co.uk,
Kevin@emailxtras.com,
Kevin@outrage.com,
Kevin_Green@tds.com,
Kit@remotecontrolsextoys.com,
LIEA@netsoft.com,
LOUGHEED@MATHOM.CISCO.COM,
Lars.Bohn@nokia.com,
Lotus.LOTUS@crd.lotus.com,
LouisL@bristol.com,
LyOng@ciena.com,
MDolan@ihcmail.ih.lucent.com,
MIKE.ACCETTA@CMU-CS-A.EDU,
MKL@nisc.sri.com,
MKillgore@novell.com,
MRC@CAC.Washington.EDU,
MRC@PANDA.COM,
Malcolm_Graham@CYBORG.COM,
Marc.Blanchet@viagenie.qc.ca,
Marek.Buchler@entrust.com,
Mark-Ludwig@uai.com,
Mark.Mayernick@thomson.net,
Mark@xapautomation.org,
Mark_Kellerhuis@msn.com,
Mark_Lewis@ccm.jf.intel.com,
Martin.West@spirit-soft.com,
Matthew.Ford@forward.com.au,
Matthias.Riese@b-novative.de,
Michael.Cahill@bullant.net,
Michael.Yip@alcatel.com,
MichaelC@dev.travsoft.com,
Michael_Haeuptle@hp.com,
Miguel.A.Garcia@ericsson.com,
MikeG@inter-intelli.com,
Mike_Behne@bmc.com,
Mike_Velten@Liebert.com,
Mills@HUEY.UDEL.EDU,
Minoru.Ozaki@rdmg.mgcs.mei.co.jp,
Morteza.Kalhour@Nokia.com,
Moshe@Novawiz.com,
Murali_Ranganathan@quickmail.apple.com,
Myron_Hattig@ccm.jf.intel.com,
N.Davies@globalcomm.co.uk,
NAE01421@niftyserve.or.jp,
Nic_Catrambond@candle.com,
Nick.Emery@altavista.digital.com,
Nick.Shipman@mrmog.reo.dec.com,
Nick_Straguzzi@akbs.com,
Odo.Maletzki@ioag.de,
Ogata.Hiroyasu@exc.epson.co.jp,
Oishi.Toshiaki@exc.epson.co.jp,
Ola.Strandberg@pharmasoft.se,
Olsen7@liquefaction.com,
PSHIVKUM@us.oracle.com,
PVM@ISI.EDU,
Patrick.Cipiere@UDcast.com,
Patrick.Ferriter@zultys.com,
Patrick@EBA.NET,
Patrick@dsi.nus.edu.sg,
Paul.Glaubitz@mt.com,
Paul.Wissmiller@ca.com,
Paul.Wren@macro4.com,
Paul@pharos.co.nz,
PaulRoberts@engineer.com,
PaulS@Synapsis.com,
Per.Schroder@mimer.se,
Peter.Lipp@iaik.at,
PeterGV@osr.com,
Phillip.Dillinger@sealabs.com,
Pierre.Frisch@spearway.com,
Prem.Tirilok@tellabs.com,
R.Allrutz@science-computing.de,
R173@hec.ca,
RACOOK@novell.com,
RAchin@genscan.com,
RICE@SUMEX-AIM.STANFORD.EDU,
RJW1@trpo4.tr.unisys.com,
RLMEYERING@BIIVAX.DP.BECKMAN.COM,
RWS@XX.LCS.MIT.EDU,
RWard@vaccmel1.telstra.com.au,
Ramsey@network-1.com,
Raymond.Young@ca.com,
RobillardS@actresearch.com,
Robin_Kar@ccm.hf.intel.com,
RogerK@Wonderware.COM,
Roger_Huebner@bmc.com,
Rogers@ISI.EDU,
RogueSpear91@hotmail.com,
Roland.Hedberg@umdac.umu.se,
Ronald.Jimmink@chipper.nl,
Ronald.P.Bonica@wcom.com,
Rudi.Martin@edo.mts.dec.com,
Russell.Thrasher@veritas.com,
S.Kille@isode.com,
S95525ta%etsuacad.bitnet@ETSUADMN.ETSU.EDU,
SCI00376@niftyserve.or.jp,
SPCsd_MWDD@hotmail.com,
SSNAQVI@aol.com,
STEWART@XYPLEX.COM,
STevs@ivecon.com,
Sandrama@microsoft.com,
Santa_Dasu@quickeagle.com,
Sato.Minoru3@exc.epson.co.jp,
Scott@XRamp.com,
Scott@godlew.com,
ScottX_Engel@ccm.jf.intel.com,
Scott_Petrack@vocaltec.com,
Shigenaka_Kanemitsu@ypd.kyocera.co.jp,
Slava.Monich@nokia.com,
Sophie.Deng@Eng.Sun.COM,
Stanley.Knutson@KTIworld.com,
Steve.Hay@uk.radan.com,
Steve@pcguru.com,
StevenF@CapsuleTech.com,
Steven_Sweeney@3mail.3com.com,
Sudhir_Shetty@Dell.com,
Sylvia_Siu@Novell.CO,
TFarley@iss.net,
TSTRACK@Advnw.com,
Tappan@BBN.COM,
Tatsuya.Igarashi@jp.sony.com,
TedM@Altaworks.com,
Teds@SPIDER.CO.UK,
Teijo.Mustonen@F-Secure.com,
Thierry.Turletti@sophia.inria.fr,
Thomas.Kerkau@io-software.com,
Thomas.M.Smith@lmco.com,
Thor@terabase.com,
Tim.Addington@sciatl.com,
Tim.Farley@xcellenet.com,
Tim.Howes@terminator.cc.umich.edu,
Tim.Jowers@ColumbiaSC.NCR.com,
Tim.Schmidt@veritas.com,
Tim_Coppernoll@ccm.jf.intel.com,
Tim_Kenyon@csicontrols.com,
Tom.George@alcatel.com,
Tom.Taylor@unisys.com,
Tony@DesktopPaging.com,
Trevor@iguana.iosoftware.com,
Trond.Borsting@telelogic.com,
UBMCollins@aol.com,
VAXman@TMESIS.COM,
VOLZ@PROCESS.COM,
Vincent.Re@cai.com,
Vishwas_Lele@appliedis.com,
WANCHO@WSMR-SIMTEL20.ARMY.MIL,
Wade.Richards@Seagatesoftware.com,
Walt.Modic@dionex.com,
Werner.Almesberger@epfl.ch,
William_Benner@msn.com,
Winson_Yung@3com.com,
Yakov@IBM.COM,
YenL@bsquare.com,
Yingchun_Xu@3com.com,
a-antonk@microsoft.com,
a.casati@computer.org,
a.heidemann@ais-gmbh.de,
a.wurf@mediaTools.de,
aa@lithic.org,
aab@cichlid.com,
aamet@point-inc.com,
aaron.stein@ca.com,
aaron@taltrade.com,
abaker@boi.hp.com,
abassi@cs.utk.edu,
abeabe@pfu.co.jp,
abel@willy.esl.com,
abelk@apple.com,
aberk@empirix.com,
aberlen@VNET.IBM.COM,
abharali@peribit.com,
abilbrey@commvault.com,
abnous@documentum.com,
ac@itmasters.com,
acarleto@naper1.napervilleil.ncr.com,
acarlson@smithmicro.com,
achatterjee@freeway.proxy.lucent.com,
adam.curtin@isysg.com,
adam@micromuse.co.uk,
adda@kgc.co.jp,
ade@us.itmasters.com,
admin@corvedia.com,
admin@example.com,
admin@kobu.com,
admin@psdesign.com.au,
admin@vspacegroup.com,
admin@your-domain.com,
adraper@altera.com,
adraper@dev.madge.com,
adrian.mancini@entrust.com,
adrien@qbik.com,
aeg@teamquest.com,
ageorgiou@crypto-solutions.co.uk,
agonzal1@telcordia.com,
ahti@ahti.bluemoon.ee,
aig@unify.com,
ajayj@microsoft.com,
ajc@uncnsrd.mt-kisco.ny.us,
ajh@unx.dec.com,
ajs@relsoft.com,
akiyoshi@net.paso.fujitsu.co.jp,
akoster@teltone.com,
akurland@netsilicon.com,
alan-akahoshi@vertel.com,
alan.butt@landesk.com,
alan@clifford.ac,
alan@protix.com,
alanp@goahead.com,
alanr@unix.sh,
alany@ay.com.au,
albert.yang@eZmeeting.com,
alberth@fiorano.com,
alberth@triosoftware.com,
alberto@altasol.com,
albin@taec.enet.dec.com,
albrecht.mayer@infineon.com,
alecm@sun.com,
aleung@biscom.com,
alex.duncan@sse.ie,
alex@noemax.com,
alexander.sahler@brodos.de,
alexander_bgd@softhome.net,
alexandr_bgd@softhome.net,
alexk@segue.com,
alexm@an.hp.com,
alexo@netmount.com,
allan@hummingbird.com,
allanp@tcosoft.com,
alnewton@automatedlogic.com,
alon_tam@bmc.com,
alonk@checkpoint.com,
alphonso@ncs-ssc.com,
aluff@blizzard.com,
amanda-core@amanda.org,
amauer@vrms.com,
ambi@world.std.com,
amiller@handsfreenetworks.com,
amir@netmanage.co.il,
amirh@vnet.ibm.com,
amirp@radware.co.il,
amnon@paspar2.com,
amnonh@MICROSOFT.com,
amo@amo.net,
amossberg@asoki.net,
amsden@.ctron.com,
amy_weaver@nai.com,
anand@goa.mainsoft.com,
anderskl@microsoft.com,
anderson@clark.net,
andi@trancefield.de,
andrea.lanza@frameweb.it,
andreas.schwarz@securepoint.de,
andreiv@sgi.com,
andrew.crockford@modus-interactive.co.uk,
andrew.johnson@bliss-support.demon.co.uk,
andrew@stone.com,
andrsin@microsoft.com,
andy@kar2ouche.com,
andyn@inin.com,
andysc@uk.ibm.com,
andyw@knoware.nl,
anil_lakhwara@kentrox.com,
anjana@dyna.com,
anna@inext.co.uk,
annette_klecha@bbn.hp.com,
annhuang@apple.com,
anoop@next.distinct.com,
anthon@mnt.org,
anthony.berent@reo.mts.dec.com,
anthony@power.amasd.anatcp.rockwell.com,
anthony_walker@hp.com,
anthonyrc@lecroy.com,
antoni.wolski@vtt.fi,
anushk@microsoft.com,
apope@sarnoff.com,
araji@lucent.com,
ari.valtanen@solidtech.com,
ariel@world.std.com,
armin@esd1.esd.de,
arno.hollosi@cio.gv.at,
arnoff@ftp.com,
arobert@par.sita.int,
arosen@starburstcom.com,
arthurc@doe.carleton.ca,
arvin@suse.de,
arvind@tenornetworks.com,
asafk@microsoft.com,
asai@isl.mei.co.jp,
asperon@home.se,
aspinwall@TimesTen.com,
asr-dev@group.apple.com,
atsyganenko@powerware.com,
aungar@farradyne.com,
avail@pacbell.net,
avanwensen@panja.com,
avi_drissman@baseview.com,
avin@microsoft.com,
avri.doria@nokia.com,
avsolov@lab127.karelia.ru,
aweaver@vpnet.com,
ayotte@teamsoft.com,
b.j.kortekaas@kpn.com,
baba@flare.nd.net.fujitsu.co.jp,
babafou@babafou.eu.org,
babatke@ra.rockwell.com,
babel@ctv.es,
bae@netapp.com,
balaji@aspec.com,
balduin.mueller-platz@pago.de,
ballew@projtech.com,
bambi@Hughes.com.au,
barnes@broke.enet.dec.com,
barney@databus.com,
barrie@sco.com,
barry@intersan.net,
barry_whyte@uk.ibm.com,
barton@star.enet.dec.com,
basil.lee@gnnettest.com,
battin@tro.com,
bauer_andreas@emc.com,
bauten@dst-inc.com,
bbain@microsoft.com,
bbandy@swbell.net,
bbradshaw@novell.com,
bbryan@yestrader.com,
bcasey@responselogic.com,
bcn@isi.edu,
bcs@atex.com,
bdsos@pafec.co.uk,
beastham@emware.com,
beck@altaworks.com,
becker2d@ttc.com,
beckerd@ttc.com,
begge@emagisoft.com,
ben.pracht@tivoli.com,
bendich@TrelliSoft.com,
benjamin@lh.co.nz,
beno@turbopower.com,
beratung@dirg.de,
bernard@steltor.com,
bert@mck.com,
bert@propel.com,
bert@willowpond.com,
bert@xpilot.org,
bertus@ccs-software.co.za,
bg@webnetix.de,
bh@picksys.com,
bhiggins@netcom.ca,
bhoman@spanworks.com,
bil@rfx.rfx.com,
bill.delaney@symbios.com,
bill.wingate@arcanadev.com,
bill@pangolin.com,
bill@repliweb.com,
bill@uunet.UU.NET,
billa@vnd.tek.com,
billc@xactlabs.com,
billd@equalizer.cray.com,
billmc@atc.boeing.com,
birjo99@cai.com,
birwin@standard.com,
bjorn@cs.pdx.edu,
bjorn@objectplanet.com,
bjorn@xowave.com,
bl@oasis.icl.co.uk,
blake@cluebie.net,
blanders@boi.hp.com,
bmatthews@mosaicsystems.com,
bmcintosh@fortresstech.com,
bmk@lvision.com,
bnattenberg@arborsoft.com,
bob.tournoux@usiny.mail.abb.com,
bob@certsoft.com,
bob@pqsystems.com,
bob@res.nl,
bob@sarad.cs.su.oz.au,
bob@staff.prodigy.com,
bob@sychron.com,
bob@virtualunlimited.com,
bobb@lachman.com,
bobbymartin@hotmail.com,
bobg@dtn.com,
bobtek@hotmail.com,
bocko@ece.rochester.edu,
boers@isisglobal.nl,
bokeefe@cnd.hp.com,
boninm@microtempus.com,
boris.star@veritas.com,
boris@press-sense.com,
bound@zk3.dec.com,
boutell@boutell.com,
bowen@cs.buffalo.edu,
bpanteleev@himel.com,
bpurvy@us.oracle.com,
br@clabsms.de,
br@itchigo.com,
brad.strand@3ware.com,
brad@american.com,
brad@linuxcanada.com,
brad_hamilton@kofax.com,
braden@isi.edu,
bradley.birnbaum@eshare.com,
bradley@apple.com,
bradley_bransom@dell.com,
bradp@citrix.com,
bradwr@microsoft.com,
brant_thomsen@3com.com,
brendan.mcwilliams@vf.vodafone.co.uk,
brent.foster@onstreamsystems.com,
brent.hines@unisys.com,
brian.blevins@tridia.com,
brian@dancingbear.com,
brian@e3consultants.com,
brian@isi.edu,
brian@lloyd.com,
brian@novastor.com,
brian@streamcomm.com,
brian@tivo.com,
brian_matthews@ibist.ibis.com,
brianab@soul.tv.tek.com,
brianab@vnd.tek.com,
brianh@exide.com,
briggs@access.rrinc.com,
brockman@ccmail.com,
broscius@DSL.CIS.UPENN.EDU,
brosenberg@advsyscon.com,
brosseau@workingmachines.com,
browne@moldflow.com.au,
bruce.carlson@iprintl.com,
bruce.kosbab@indurasoft.com,
bruce@arkivio.com,
brucel@iserver.starlight.com,
brucelu@cisco.com,
brucemck@bears.aust.com,
brucemck@bearsolutions.com.au,
bryan@vaticor.com,
bscharping@pinnaclesys.com,
bsd@cisco.com,
bshelton@wirelessknowledge.com,
bspears@salix.com,
btaylor@imagetag.com,
btexact.ports@bt.com,
btoback@optc.com,
btrammell@iventurelab.com,
buchi@ael.fujitsu.co.jp,
buck_c@polygon.com,
budne@auroratech.com,
bugs@openbsd.org,
busma@echogent.com,
button@promis.com,
bwalsh@iona.ie,
bwarijsman@lucent.com,
bwo@softdesk.com,
byronj@bellsouth.net,
c.saether@f5.com,
cadkins@filenet.com,
cain@edn-unix.dca.mil,
cameron_haight@bmc.com,
campbell@uniprise.com,
canderson@turbolinux.com,
caputo@emc.com,
carl_osborn@sabre.com,
carolann@hpmfas3.cup.hp.com,
carteaga@abacoinc.com,
carterl@execpc.com,
case@boole.no,
case@nimsoft.no,
casner@precept.com,
casner@precpt.com,
cbanzhof@citadel.com,
cbarry@gbahn.com,
cblundell@celador.co.uk,
cboozer@funk.com,
cbs@ascinc.com,
cchang@syncsort.com,
cching@mqsoftware.com,
cchiotasso@infolibria.com,
cchou@zoom.com,
cdas@cnd.hp.com,
cdiamond@crypto-solutions.co.uk,
cdk@callwave.com,
cdr@livingston.com,
cdunc@intoo.com,
cec@gryphon.gsfc.nasa.gov,
ceder@lysator.liu.se,
cem@hyper.com,
cerpa@isi.edu,
cfc@indigo-avs.com,
cfchung@asprova.com,
cflynn@landmark.com,
cfowler@us.oracle.com,
cgordon@digprod.com,
cgreeneOA@avidsports.com,
cgriffin@dka.com,
chad.tippin@jibeinc.com,
chad@apple.com,
chagdali@free.fr,
chall@passgo.com,
chandhok@gnome.cs.cmu.edu,
chandhok@within.com,
charleso@cardax.com,
charlie.limoges@gd-cs.com,
charlie@aladdin.co.il,
charlie@rdsrv.reco.com.tw,
charlieh@aks.com,
chas@secant.com,
chawkinson@coalsere.com,
cheshire@multicastdns.org,
chiaoj@netsoft.com,
chichen@us.ibm.com,
chip@cerent.com,
chris.newman@sun.com,
chris@clout.chi.il.us,
chris_wells@lansource.com,
chrisb@chancery.com,
chrisc@wrs.com,
chrisdu@sco.com,
chrish@sierra.net,
chrisp@netwinsite.com,
christer.gunnarsson@ascomtateco.se,
christiaan.simons@axon.nl,
christian@catchpole.net,
christopher_wells@3com.com,
chrisv@pearldoc.com,
chuang@ac-tech.com,
chuck@benatong.com,
chuck@phase3.com,
chung@digisle.net,
citydisc@euronet.nl,
cjacobs@numinous.com,
cjh@krypton.de,
cjt@corenetworks.com,
cjw@hudsmoar.com,
cjwhite@cisco.com,
ckerrigan@hns.com,
cklam@foursticks.com,
ckoeritz@inovacorp.com,
clamen@cs.cmu.edu,
clark@wirespeed.com,
clarsson@VNET.IBM.COM,
clay_maeckel@filemaker.com,
clep13@cfer.com,
clermonte@4xtechnologies.com,
clynn@bbn.com,
cmartin@databeam.com,
cmcallen@alarismed.com,
cmcmanis@freegate.net,
cmonia@nishansystems.com,
cnaan@gammasite.com,
cniccolson@genisar.com,
cnock@us.ibm.com,
cocke@VNET.IBM.COM,
cody.gibson@intermec.com,
colin.griffiths@int-link.com,
comercial@aticasoft.es,
conklin@talisman.kaleida.com,
connie@scdb.com,
contact-iana@axis.com,
contact@agri-datalog.com,
contact@cosmicsoft.net,
corey.burnett@biopop.com,
corey.corrick@flamenconetworks.com,
coyote@likeminds.com,
cperkins@eng.sun.com,
cportela@simple-sw.com,
cpw@LANL.GOV,
cpwright@villagenet.com,
craig@katmango.com,
cranch@novell.com,
creid@projux.com,
cristp@hotmail.com,
cristp@microsoft.com,
crock@communities.com,
crunquist@quarterdeck.com,
crw010@email.mot.com,
cs@kde.org,
cshotton@biap.com,
cstoutenburg@vnet.ibm.com,
ct@braehler.com,
ctalk@pervasive.com,
ctate@astromed.com,
ctb@satworks.net,
curt.ellmann@ncr.com,
curt@emergent.com,
curtinj@powerware.com,
curtis.smith@vsin.com,
cweeks@syspace.co.uk,
cwilcox@cd3o.com,
cwilkinson@carreker.com,
cwilkinson@netuitive.com,
cym@acrux.net,
cyoon@responsenetworks.com,
czietz@gmx.net,
d.f.merchant@livjm.ac.uk,
d.finkler@hermstedt.de,
d.maxwell@cablelabs.com,
d.wagner@freemail.absa.co.za,
daap@apple.com,
dab@windriver.com,
dalit@il.ibm.com,
damian@cablenet.net,
damien@ibs.com.au,
damond@microsoft.com,
dan.smith@den.galileo.com,
daniel@globes.com,
daniel@sorlov.com,
danielr.sisk@pnl.gov,
darko@hpfcrn.fc.hp.com,
darshan.shah@ni.com,
dasenbro@apple.com,
dash@ricochet.net,
dave.benton@eaglepoint.com,
dave.glanzer@fieldbus.org,
dave@icc.net,
dave@sewelld.com,
dave@syncinc.com,
daveb@UUNET.UU.NET,
davefe@microsoft.com,
davei@mxim.com,
davemen@microsoft.com,
daven@ashwin.com,
daveo@apple.com,
davew@boi.hp.com,
davey.taylor@brimstone.net,
davhua@microsoft.com,
david.chassin@pnl.gov,
david.cooper@oracle.com,
david.mojdehi@autodesk.com,
david.ross@ca.com,
david.weinstein@redstorm.com,
david@softlife.co.nz,
david@sweetware.com,
david@synel.co.il,
david@zion.com,
david_greer@robelle.com,
david_lethe@us.xyratex.com,
david_stephenson@hp.com,
davida@pobox.com,
davidha@codemasters.com,
davidr@adicarte.co.uk,
davidrho@cnd.hp.com,
davids@webmaster.com,
dbecker@v-one.com,
dbethers@novell.com,
dbisset@mvel.demon.co.uk,
dboone@atg.CLR.com,
ddc@LCS.MIT.EDU,
ddebalski@optika.com,
ddesroches@clariion.com,
ddt@idcube.idsoftware.com,
ddube@modicon.com,
dduncan@es.com,
dean.robson@fujitsu.com.au,
dean.webb@ascend.com,
dean@corp.webtv.net,
decho@csoft.bg,
decho@iname.com,
dee3@torque.pothole.com,
dee@cybercash.com,
dely@cnri.reston.va.us,
demoney@eng.sun.com,
dennis@capres.com,
dennis@tasmania.platte.com,
derrick.i.hisatake@intel.com,
deschan@prismedia.com,
deutinger@ferrari-electronic.de,
developers@securitydesigners.com,
development@blockade.com,
development@tobit.com,
dferguson@xtralot.com,
dgilor@pop01.ny.us.ibm.net,
dgntcom@netvision.net.il,
dgoldberg@callisto.com,
dgrazioli@pgaero.co.uk,
dgrover@phonex.com,
dhansen@dimensional.com,
dick@and.nl,
dick@skenbe.net,
diekmann@04.mstr02.telekom400.dbp.de,
digital@Quetico.tbaytel.net,
dillon@hns.com,
dimitris@michelinakis.gr,
dinkar@veritas.com,
dino@cisco.com,
dirk@hillbrecht.de,
dittmann@isbcad.de,
djb@cr.yp.to,
djb@koobera.math.uic.edu,
djb@silverton.berkeley.edu,
djh@munnari.OZ.AU,
djhejna@ambit.com,
djones@cincom.com,
djw@arbortext.com,
dkiser@jsexpress.com,
dko@autodesk.com,
dku@informatik.uni-bremen.de,
dleinbach@jti.bc.ca,
dlemson@microsoft.com,
dlyons@dnpg.com,
dmaha@saba.com,
dmeermans@intecom.com,
dmoore@uttc-uts.com,
dnash@ford.com,
dnk@lucent.com,
dnmrt%rmatl@uunet.UU.NET,
doc@cnr.com,
doelz@comp.bioz.unibas.ch,
dolores.scott@l-3security.com,
dominique.lelievre@fr.ibm.com,
don.cornwell@objective.com,
don.traub@sun.com,
don.tyson@cor.dowjones.com,
don@comcam.net,
don@donnyworld.com,
don@genroco.com,
don@pixstream.com,
dones@stisystems.com,
dong@uunet.UU.NET,
dongling@finle.com,
donmer@axent.com,
donovan@brandcomms.com,
donp@sjf.novell.com,
donp@xlnvax.novell.com,
dott@qualcomm.com,
doug@datareel.com,
downie@jibe.MV.COM,
dparker@broadcloud.com,
dpinch@mtl-inst.com,
dprizon@smar.com.br,
dpz@RUTGERS.EDU,
dragos@cs.ubbcluj.ro,
drd@apple.com,
drichmond@striva.com,
drorgi@VNET.IBM.COM,
dsa@unsa.edu.ar,
dschieb@cv.nrao.edu,
dshaw@jabberwocky.com,
dsimmons@macromedia.com,
dsimms@acm.uiuc.edu,
dsnyder@rainbow.com,
dsouflis@altera.gr,
dspencer@telops.com,
dspencer@xingtech.com,
dstampe@psych.toronto.edu,
dstone01@harris.com,
dtaylor@novell.com,
dth@lucent.com,
dthaler@microsoft.com,
dtynan@claddagh.ie,
dubrovsky_alex@emc.com,
dudi@checkpoint.com,
dupuy@smarts.com,
dvk@lonewolf.com,
dwalling@isoft.com,
dwalsh@bindview.com,
dwhelan@filenet.com,
dwilson@integral-ie.com,
dwiltz@hf.intel.com,
dwing@cisco.com,
dwolff@centra.net,
dwooden@wizdom.com,
dyon@dialout.net,
e.grieger@com-on.de,
eanderson@netvision.com,
earl.brannigan@lindenhous.co.uk,
earlw@apple.com,
easymp@exc.epson.co.jp,
eawhiteh@itt.com,
ebacic@texar.com,
ebrowdy@cryptek.com,
ebruno@solution-soft.com,
ec@fc.hp.com,
ec@hpfclj.fc.hp.com,
ecanderson@turbolinux.com,
ecdowney@clearskyinstitute.com,
eckert@cisco.com,
ecklesweb@yahoo.com,
ed_fair@yahoo.com,
ed_penak@bmc.com,
eden@pair.com,
edgar.blum@swx.ch,
edlund@speech.kth.se,
edo@datacap.com,
eduardor@spacenet.com.br,
edv@concomp.com,
edwardr@microsoft.com,
egbert@ra.timeplex.com,
egon.meier-engelen@dlr.de,
egrange@creative-it.net,
egreen@pmeasuring.com,
ehackman@millapps.com,
ehs@sabbagh.com,
eidson@hpl.hp.com,
eiki@nd.net.fujitsu.co.jp,
eisom@metastorm.com,
ejb@ql.org,
eki@silknet.com,
elan@d2k.com,
eli@interhdl.com,
elliot@embracenetworks.com,
ellison@ieee.org,
emetcalf@tripwiresecurity.com,
emre.tunar@ca.com,
ender@admdev.com,
engd@us.ibm.com,
engerim@dachbu.de,
engr-admin@flipside.com,
eortiz@j2medeveloper.com,
eranney@crestron.com,
erco@cinegrfx.com,
erco@netcom.com,
eric.newcomer@iona.com,
eric@funk.com,
eric@glassbead.com,
eric@gruver.net,
eric@uunet.UU.net,
eric_anderson@bmc.com,
eric_pulsipher@fc.hp.com,
eric_pulsipher@hp.com,
ericle@microsoft.com,
erik@signiform.com,
erikb@caciasl.com,
eriko@kel.fujitsu.co.jp,
erskine@sourceworks.com,
erwin@airtech.demon.nl,
eskress@thinknet.com,
eugen@texar.com,
eugeneo@geocities.com,
evan@acc.com,
ewald@via.enet.dec.com,
exlmoc@clemson.edu,
eyal.kalderon@quest.com,
eyim@hpmfas4.cup.hp.com,
faa06@tid.es,
faith@cs.unc.edu,
faithz@sco.com,
fake@us.ibm.com,
falk@icon.at,
farid_faez@hp.com,
farrarp@teccon.co.uk,
fc@all.net,
fdc@watsun.cc.columbia.edu,
federico@heinz.com,
feil@kronos.nisd.cam.unisys.com,
fenner@parc.xerox.com,
ferdi.ladeira@ixchange.com,
ferjulian_bruce@emc.com,
fernandez@omnisec.ch,
ferruccio.barletta@compaq.com,
fjian@dmfsys.com,
fkappe@iicm.tu-graz.ac.at,
fklassen@jaalam.com,
flanne@vnet.IBM.COM,
flnca@gmx.de,
flowers@smaug.lkg.dec.com,
fmarazzi@ideetique.com,
fmclain@appworx.com,
fmf@gesi.it,
fontaine_rene@emc.com,
fop@gwha.com,
fordii@j51.com,
forest@apple.com,
fpainchaud@konshus.com,
fpeloffy@4tier.com,
fquick@qualcomm.com,
framstag@rus.uni-stuttgart.de,
francis@tempest.com,
franco@eladit.com,
francois.marchand@electromed.com,
francois@netobjects.com,
frank@morse.ilo.dec.com,
frank@websmile.com,
frankb@hpptc16.rose.hp.com,
franklin_yah@yahoo.com,
frantzen@openbsd.org,
frantzen@w4g.org,
fred@gruntose.com,
frederick@parc.xerox.com,
fredik.haglund@boldsoft.com,
fredm@cisco.com,
freiss.pad@sni.de,
frsoeteb@adobe.com,
frulloni.amtec@interbusiness.it,
fsaez@tid.es,
fscwitte@dicgroep.nl,
fudim@virtue3d.com,
fujisawa@pfu.fujitsu.com,
furutani@np.lps.cs.fujitsu.co.jp,
fy@wilken.de,
galc@cyber-ark.com,
galis@satchmo.virtualprototypes.ca,
gallen@symantec.com,
garnaiz@siebel.com,
garret@multiviewgroup.com,
garrett@netrix.com,
gary.james@criticallink.com,
gary.weichinger@netiq.com,
gary@airsoft.com,
gary@systemics.com,
garyb@echelon.com,
gavinh@tesl.com,
gavinh@visionlogistics.com,
gbailey@lxpro.com,
gbibmswl@ibmmail.COM,
gbo@wag.ch,
gcole@corp.borland.com,
gcole@nisd.cam.unisys.com,
gdeinsta@jetform.com,
gdt@ir.bbn.com,
gdzieciol@symantec.com,
gene@apple.com,
genecox@raleigh.ibm.com,
geoff@autocue.co.uk,
geoff@meek.com,
geoff@research.bell-labs.com,
geoffrey@pager.net,
george.walter@ascentialsoftware.com,
george@entsoft.com,
georges@monaco.net,
ggameiro@birdland.com,
ggee@hns.com,
gglover@novell.com,
ggoodson@group1software.co.uk,
ggr@qualcomm.com,
ghavami@telcores.com,
ghudson@mit.edu,
gilbert.moineau@colubris.com,
gildea@lcs.mit.edu,
gilmer@gandalf.ca,
gimpl@us.ibm.com,
ginn@tyxar.com,
gita@cup.hp.com,
gjo@msi.com,
gkajos@mail1.videoserver.com,
glann@rightbrain.com,
glbp-info@cisco.com,
glen@llmwin.com,
glenn@qualcomm.co.nz,
glennp@microsoft.com,
glens@llmwin.com,
gletourneau@ordinox.com,
glocker@sirius.com,
gmalkin@xylogics.com,
gmesaric@hyperwave.com,
gmohr@cmgisolutions.com,
gnewman@belarc.com,
goathunter@goatley.com,
gojomo@usa.net,
golson@fc.hp.com,
gomberg@GATEWAY.MITRE.ORG,
gordm@microsoft.com,
gorpong@ping.chi.il.us,
gporter@powerschool.com,
graham@aero9.com,
grant_kirby@ccm.al.intel.com,
gray@cac.washington.edu,
gray@interwise.co.il,
green@compaq.com,
greening@bigtribe.com,
greeny@raleigh.ibm.com,
greeny@us.ibm.com,
greg.suppes@autodesk.com,
greg@sac.net,
greggw@zmi.com,
gregory.bodine@ca.com,
gregr@alphalink.com.au,
gregside@home.com,
greinker@execpc.com,
griepentrogs@atlinks.com,
grothoff@cs.purdue.edu,
groussel@eu-symtrax.com,
grr@geodesic.com,
grussell@cablelabs.com,
gs@qfs.de,
gunner@ibeam.intel.com,
gur.kimchi@vocaltec.com,
gur@mail.trulyglobal.com,
gus@chevin.com,
guus@warande3094.warande.uu.nl,
gyeung@nvidia.com,
ha@fjh.se.fujitsu.co.jp,
hagbard@ultimatech.com,
hai.ou-yang@sun.com,
haim@hageltech.com,
halil@docent.com,
hanada@pfu.fujitsu.com,
hanna@world.std.com,
hardy_doelfel@adaptec.com,
harryl@us.ibm.com,
harvey@acm.org,
haubner@ibm.net,
haynes@chistech.com,
hbreitenf@vnet.imb.com,
hbuck@maytag.com,
hch@hybrid.com,
hcole@tumbleweed.nrcabq.com,
hdr@chat.ru,
hearn@hpindacx.cup.hp.com,
heiko@fu-berlin.de,
heinau@fu-berlin.de,
heinz.naef@nexos.com,
heker@JVNCC.CSC.ORG,
help@smartsims.com,
henning@meier-geinitz.de,
henrik.holst@ecovision.se,
henry.haverinen@nokia.com,
her@localdomain.local,
herb@sisconet.com,
here@dialup.oar.net,
herzog@iphighway.com,
hgordon@system.xingtech.com,
hgs@cs.columbia.edu,
hhenders@novell.com,
hhouh@nbxcorp.com,
higginson@mail.dec.com,
hin@alma.com,
hindin%robcad@uunet.uu.net,
hiro.takahashi@eng.Sun.COM,
his@localdomain.local,
hiwaka@alles.or.jp,
hmn2@cornell.edu,
hoan@cup.hp.com,
hoffman@mail.ndhm.gtegsc.com,
hokey@PLUS5.COM,
holger@rebol.net,
holstege@firstfloor.com,
hon@astro.ufl.edu,
horie@spad.sysrap.cs.fujitsu.co.jp,
hoshino@miya.fujifilm.co.jp,
howard.yin@ericsson.com,
howard@muse3d.com,
hparra@novell.com,
hrf@cup.hp.com,
hsalama@cisco.com,
htvennik@zonnet.nl,
huitema@microsoft.com,
huitema@research.telcordia.com,
hunt@marcam.com,
huw.thomas@bt.com,
hvandermerwe@tellumat.com,
hwardsil@wolfenet.com,
hwolin@us.ibm.com,
hwr@pilhuhn.de,
hwrobel@gmx.de,
ian.s.gordon@btopenworld.com,
ian@n-genltd.co.uk,
ian@tanagra.demon.co.uk,
ian_anderson@phoenix.com,
iana-contact@webhouse.dk,
iana-form@lot105.com,
iana-port.remove-spamguard@povray.org,
iana@1ci.de,
iana@2wire.com,
iana@abcdatos.com,
iana@corsof.com,
iana@hylafax.org,
iana@iana.org,
iana@mundocani.com,
iana@ultrabac.com,
ianacontact@hms.se,
ianaportmaster@unify.com,
ianb@arca-technologies.com,
iang@micromuse.co.uk,
iay@threel.co.uk,
ice@cisco.com,
identcod@identcode.sk,
ifranzki@de.ibm.com,
igor@global-tech.com,
igor@uroam.com,
igorko@microsoft.com,
ikeyama@ael.fujitsu.co.jp,
ilan@mentasoftware.com,
ilan@newgenpay.com,
imahfouz@cisco.com,
imanning@dtsuk.com,
imu-comments@egroups.com,
info@b-novative.com,
info@exapt.de,
info@hde.co.jp,
info@prima.com.hk,
info@sf.com,
info@videte.com,
intercom@maillennium.att.com,
ipulse@ericsson.com,
iraab@synoptics.com,
irani@spawar.navy.mil,
irani_mike@bah.com,
iscard@virusdesk.com,
ishida.hitoshi@exc.epson.co.jp,
isingh@chantrynetworks.com,
israel.beniaminy@clickservice.com,
ist@att.net,
itimmermans@bigfoot.com,
ito-t@pfu.co.jp,
itsao@austin.ibm.com,
ivan@gestweb.com,
iwai@kel.fujitsu.co.jp,
iwj@cam-orl.co.uk,
j.h.hermans@hiscom.nl,
jac8792@tamu.edu,
jack@tomatosprings.com,
jackie.lau@compaq.com,
jackiew@infoseek.com,
jacko@kring.co.uk,
jacksch@tenebris.ca,
james.d.davis@east.sun.com,
james.d.davis@sun.com,
james.falkner@sun.com,
james.kempf@sun.com,
james@enghp.unidata.comp,
james@mailhost.unidata.com,
jamesg@taglim.com,
jamin@eecs.umich.edu,
jan.vrsinsky@illusionsoftworks.com,
jane.dashevsky@intel.com,
janl@ifi.uio.no,
janna@pmc.philips.com,
jason.case@ni.com,
jason.santos@megaslow.net,
jason.schoon@intermec.com,
jason@ncsmags.com,
jason@teknidude.com,
jason_ko@hp.com,
jasona@corelcomputer.com,
jasonm@neoinformatics.com,
jasonm@sleepdep.net,
jaubain@kjt.com,
jauvane@acm.org,
javier_l_jimenez@dell.com,
jay@cordaxis.com,
jayakumar@novell.com,
jbarnes@crl.com,
jbonamico@symantec.com,
jcannie@opticaltech.com,
jccanessa@mmm.com,
jch@unirsvl.rsvl.unisys.com,
jcm@dbstar.com,
jdabbs@tga.com,
jdelisle@swellsoftware.com,
jdfisher@VNET.IBM.COM,
jdrosen@dynamicsoft.com,
jdusautois@scrypto.fr,
jean-paul.moreaux@airbus.dasa.de,
jean-serge.gagnon@newlix.com,
jeannie@cambertx.com,
jeaton@intermec.com,
jed@apri.com,
jef@helios.ee.lbl.gov,
jeff@alcorn.com,
jeff@looman.org,
jeff@taurus.com,
jeff@zinknet.com,
jeff_conrad@hp.com,
jeffh@facsys.com,
jeffrey.beauchamp@acs2000.net,
jeffrey_glanz@bmc.com,
jeffrey_mangasarian@nai.com,
jeffryd@greyware.com,
jelson@isi.edu,
jens@rockstorm.se,
jensk@hpbeo82.bbn.hp.com,
jerand@jerand.com,
jeremy.gilliat@geac.com,
jeremy@komarr.demon.co.uk,
jeroen@unfix.org,
jerome.grimbert@atosorigin.com,
jesus_ortiz@emotion.com,
jesusdavid@magaya.com,
jf@gigamediaaccess.com,
jfarhat@ipass.com,
jfisher1@avaya.com,
jfitz@pcare.com,
jg@crl.dec.com,
jg@w3.org,
jgarbers@netcom.com,
jgc@optimal.com,
jgeer@peapod.com,
jgm+@cmu.edu,
jhaverty@ORACLE.COM,
jhill@symantec.com,
jhines@webmethods.com,
jhw@Shiva.COM,
ji@close.cs.columbia.ed,
jii@oz.com,
jim.flaherty@seagatesoftware.com,
jim.kanzler@meta5.com,
jim@cennoid.com,
jim@lambda.com,
jim@media.mit.edu,
jim@pa.confluent.com,
jim@thehousleys.net,
jim_e_flaherty@notes.seagate.com,
jimb@rpower.com,
jimbo@pacbell.com,
jimbrew@answersoft.com,
jimh@infowest.com,
jimi@travsoft.com,
jimm@tarantella.com,
jimw@worksta.com,
jirwin@n2h2.com,
jjfeiler@uu2.psi.com,
jjobe@cylink.com,
jjohnston@databeam.com,
jkaivo@nodomainname.net,
jkarafin@infotrieve.com,
jking@ariessys.com,
jking@wave3software.com,
jklose@intercope.com,
jknight@realminfo.com,
jkrey@isi.edu,
jkunz@earlhaig.com,
jl.barbut@gsit.fr,
jlinck@lanovation.com,
jlinn@securitydynamics.com,
jlisbona@tango04.net,
jluciani@novell.com,
jmac@cisco.com,
jmarland@dean.openport.com,
jmazzonna@tiscom.uscg.mil,
jmf@freegate.net,
jnakamur@cp10.es.xerox.com,
jnorris@uiuc.edu,
jocox@view.com,
joe.boone@primark.com,
joe.dipol@sun.com,
joe.wesley@east.sun.com,
joe@cadkey.com,
joe@edaconsulting.com,
joe@inetd.com,
joe@powerframe.com,
joe@sysorb.com,
joek@caps.com,
joerg.niehoff@alcatel-ke.de,
joern.sierwald@datafellows.com,
johan.deleu@alcatel.be,
johan@marimba.com,
johathan@networkdweebs.com,
johill@lanl.gov,
john.croft@calista.demon.co.uk,
john.fayos@criticallink.com,
john.legh-page@argis.com,
john.m.murphy@mci.com,
john@csoft.co.uk,
john@cybertrace.com,
john@doe.com,
john@minster.co.uk,
john@ndl.co.uk,
johnb@peakaudio.com,
johnbob@austin.ibm.com,
johnk@bellhow.com,
johnkan@microsoft.com,
johnkeaveney@targusinfo.com,
johnl@gssc.gss.com,
johnl@picksys.com,
johnson_luo@mail.sercomm.com.tw,
johnsond@opteamasoft.com,
johnt@microsoft.com,
johnyeager@avaya.com,
jonas.bovin@quickobjects.com,
jonas@coyote.org,
jonno@activ.net.au,
jordan@mjh.teddy-net.com,
joseph.hauk@alphatech.com,
jost.faganel@hermes.si,
jp.garcia@netia.net,
jpayne@lotus.com,
jpeters@tivo.com,
jphilippou@newoak.com,
jpilch@us.ibm.com,
jpurcell@ensuretech.com,
jradley@csir.co.za,
jrainford@passgo.com,
jrb@cs.pdx.edu,
jrj@gandalf.cc.purdue.edu,
jronk@westell.com,
jrosenthal@quad-sys.com,
jrrao@watson.ibm.com,
jryvola@ledalite.com,
js177634@inf.tu-dresden.de,
js@vina-tech.com,
jsg@newlix.com,
jsh@dk.damgaard.com,
jstabile@talarian.com,
jstewart@netscape.com,
jt@yo.net,
jtalbot@vizible.com,
jtaylor@irdg.com,
jthunter@invino.com,
jto@TOLSUN.OULU.FI,
jtoga@ibeam.jf.intel.com,
jtoga@ideal.jf.intel.com,
jtokash@homestead.com,
jtrek@rochester.rr.com,
jtrudeau@cup.hp.com,
jtseng@nishansystems.com,
jude@nas.nasa.gov,
juergb@bbn.hp.com,
julian@mehnle.net,
julian_biddle@TechnologyOneCorp.com,
jvanzyl@zenplex.com,
jvlcek@veeco.com,
jw@cqg.com,
jw@powercenter.com,
jwalker@miramarsys.com,
jwillis@arielusa.com,
jwoods@miva.com.au,
jymealey@yahoo.com,
jzs@NSD.3Com.COM,
k.ozawa@cablelabs.com,
kabe@hst.fujitsu.co.jp,
kade_fh@postoffice.utas.edu.au,
kalga01@cai.com,
kanderso@kleber.ICS.UCI.EDU,
kannan@sejour.enet.dec.com,
kannan@sejour.lkg.dec.com,
karl@magicnotes.com,
karras@zeiss.de,
katherine.wattwood@veritas.com,
kawano@saint.nm.fujitsu.co.jp,
kaz@pfu.co.jp,
kbailey@rockettalk.com,
kbf@ngdc.noaa.gov,
kbirch@pobox.com,
kbo@norman.no,
kbruckert@idpco.com,
kchan@net2net.com,
kchan@shiva.com,
kchapman@isis.com,
kcrocker@microsoft.com,
keith.thompson@sun.com,
keith.wood@epid.eurotherm.co.uk,
keith@cerberus.uchicago.edu,
keith@loc252.tandem.com,
keith@ndl.co.uk,
keith@projtech.com,
keithp@sco.COM,
kellys@garnet.wv.tek.com,
ken_lin@lotus.com,
kenb@bristol.com,
kenji@onkyo.co.jp,
kenmcd@sgi.com,
kenr@aeseducation.com,
kern@sibbald.com,
kevinc@.cnd.hp.com,
kevinc@cnd.hp.com,
kevinm@bfs.unibol.com,
kevint@metacreations.com,
kforster@lockstep.com,
kg@elan.com,
kh@rib.de,
khedayat@roadrunner.pictel.com,
khelben@gmx.at,
khuber@bbn.com,
kiavid@highcriteria.com,
kiku@nd.net.fujitsu.co.jp,
kimgib@CCGATE-UT.AXENT.COM,
kims@cup.hp.com,
kimura@kel.fujitsu.co.jp,
king@uplanet.com,
kingdon@harvey.cyclic.com,
kink@netops.com,
kipp@mcom.com,
kipp@netscape.com,
kiriyama@cp10.es.xerox.com,
kit@ka0wuc.org,
kkuhns@opto22.com,
kkylheku@infowave.com,
klensin@MAIL1.RESTON.MCI.NET,
kmaclean@ea.com,
kmoore@groove.net,
known-user@virtual-alias.domain,
knwosu@aglowmail.com,
kobayashi@np.lps.cs.fujitsu.co.jp,
koike@ael.fujitsu.co.jp,
koliver@anritsu.com,
kord@grub.org,
kortenkamp@cinderella.de,
kory@ascend.com,
kosborn@snapappliance.com,
kpaulsen@phobos.com,
kr@netfusion.co.uk,
kragh@inet.uni2.dk,
krishnan@axis-inc.com,
kristoffer.nilsson@hutchison3g.com,
krontor@loa.com,
ksmithers@argogroup.com,
ktrummel@autodesk.com,
kubota.takashi@pfu.fugitsu.com,
kuemmel@vidsoft.de,
kukura@apollo.hp.com,
kumpf@cup.hp.com,
kurash@sassafras.com,
kv@ssm6000.samsung.ru,
kvaughn@mail.viggen.com,
kwatson@ci3software.com,
kyarbro@windtraveller.com,
kyle@midnighttech.com,
kzm@cisco.com,
ladurelf@partimage.org,
laforge@gnumonks.org,
laitinen@brutus.aa.ab.com,
lambla@bouygtel.com,
lance_kind@hp.com,
larry.emlich@compaq.com,
larry@arium.com,
larry@goldrush.com,
larrydunn@aptcomp.com,
lars-goran.magnusson@seisy.mail.abb.com,
latkin@commongrnd.com,
lavalley@lucent.com,
lawrence@tao-group.com,
lbreisacher@seafullsw.com,
lbreisacher@seagullsw.com,
lcamtuf@coredump.cx,
lcc.eric@SEAS.UCLA.EDU,
lcs@icad.com,
ldickson@land-5.com,
ldomenech@opalis.com,
ldonzis@nortelnetworks.com,
leb@tfn.com,
leboute@pro.via-rs.com.br,
lecroy@apple.com,
lefteris@ebi.com,
legalov@sgi.com,
leglang@atria.com,
leif@propel.com,
leif@rdos.net,
lenstone@lanner.co.uk,
lenz@microsoft.com,
leo@NEXT.COM,
leo@perlnet.com,
leo@talarian.com,
leo_moesgaard@dk.ibm.com,
leong@kolmod.mlo.dec.com,
leslie_lincoln@valisys.com,
leufgen@ipcas.de,
lh_gerhardstein@pnl.gov,
lharris@outlx.bandl.com,
libor.sykora@st.com,
lichtin@oanda.com,
lisp-support@xanalys.com,
liue@isolation.com,
llindsey@novell.com,
llp@ARIZONA.EDU,
llw@ftsafe.com,
lmorris@servergraph.com,
local@other.host,
localname@virtual-alias.domain,
logan@andromedia.com,
lolszyk@10fold.com,
louie@sayshell.umd.edu,
louie@uu.net,
lowe@omg.org,
lrl@interdyn.com,
lrs@cup.hp.com,
lrw@sdsc.edu,
ltarbox@scr.siemens.com,
luke@demiurgestudios.com,
lvantine@infiniswitc.com,
lwei@cisco.com,
lyndon@execmail.ca,
lzhong@cup.hp.com,
lzs@pobox.com,
m-makino@ael.fujitsu.co.jp,
m.kirk@opengroup.org,
m.klein@motorla.com,
m.zweistra@metatude.com,
m@manyone.net,
mackin@us.oracle.com,
maf@dtek.chalmers.se,
maffeis@softwired.ch,
mafg@tid.es,
magnus@dynas.se,
mah@Shiva.COM,
mahesh@sett.com,
mail@ivotec.com,
mail@vipul.net,
majka@apple.com,
majumderanirban@lycos.com,
makoto@saint.nm.fujitsu.co.jp,
malis_a@timeplex.com,
malyn@aeolon.com,
man_shuen_cheung@wamnet.co.uk,
mandre@gts-tkts.com,
manfred.randelzofer@fujitsu-siemens.com,
manfredi@engr05.comsys.rockwell.com,
manros@cp10.es.xerox.com,
map@ntc.adaptec.com,
marc@netopia.com,
marcel.hofstetter@jomasoft.ch,
marcelo@eshbel.com,
marco.casole@ebc.ericsson.se,
marius@lavenir.com,
mark.bailon@ericsson.com,
mark.burgess@iu.hioslo.no,
mark.gamble@sage.com,
mark.h.lewis@intel.com,
mark.hodapp@sun.com,
mark.r.zeiss@ac.com,
mark.richards@deerfield.com,
mark@eis.calstate.edu,
mark@engagecom.com,
mark@jiiva.com,
mark@zang.com,
markah@copper.net,
markb@ttgsoftware.com,
marke@firefox.co.uk,
markf@uplanet.com,
markh@intersys.com,
marking@tatanka.com,
markk@internic.net,
markku.viima@team.icl.se,
markl@PTT.LCS.MIT.EDU,
markm@caplet.com,
markm@research.canon.com.au,
markm@sentillion.com,
markn@sirsi.com,
markson@osmosys.incog.com,
markus.huemer@hsd.at,
martin.burnicki@meinberg.de,
martin@cardbox.co.uk,
martin@datawatch.de,
martin@mrrl.lut.as.uk,
martin@ndl.co.uk,
marty@aol.com,
marty@capres.com,
maryann@uunet.UU.NET,
masa@sdsft.kme.mei.co.jp,
masakuni@jp.ibm.com,
mass@akuma.org,
massey@aspentec.com,
mats.nilsson@xware.se,
matt@cs-live.com,
matt@internetgadgets.com,
matt@oliveb.atc.olivetti.com,
matt_hammond@four-sight.co.uk,
mattc@metrics.com,
matthewa@bcwireless.net,
matthias.schroer@invision.de,
matthieu.lachance@openwave.com,
matti.salmi@nokia.com,
mattj@newsblip.com,
mavrakis@mctel.fr,
max@ritlabs.com,
maxine@hq.ncube.com,
maxm@MICROSOFT.com,
mayaz@radware.co.il,
mayville@maplesoft.on.ca,
mbalch@teltone.com,
mbello@zarak.com,
mbeyer@freegate.com,
mbishop@fishnetsecurity.com,
mborden@tollbridgetech.com,
mbp@samba.org,
mbz@rvscom.com,
mc36@freemail.c3.hu,
mcavage@us.ibm.com,
mcb-iana@cloanto.com,
mcculley@cuspy.com,
mcfadden@dstc.edu.au,
mchung@esps.com,
mckeen@osf.org,
mcooper@magnicomp.com,
mcroberts@miteksys.com,
mdelgros@tripplite.com,
mderail@dmib.com,
mdh@rentek.net,
mdskel@ftw.rsc.raytheon.com,
me@example.com,
me@somewhere.org,
mefogle@xantel.com,
meganwoods@datafast.net.au,
meister@ftp.com,
mel@novell.com,
melinda@tpe1.sercomm.com.tw,
melinda_tsao@mail.sercomm.com.tw,
mendal@talarian.com,
meo@us.itmasters.com,
mergy@natus.com,
mertus@mathtech.com,
mf@xnet.com,
mfarlin@peerlogic.com,
mflemming@aol.com,
mfr1@worldnet.att.net,
mgarti@sonusnet.com,
mgau@kastenchase.com,
mgoossens@eiba.com,
mhd@gensym.com,
mhjack@tscnet.com,
mhoroschun@canprint.com.au,
mhoy@aquilagroup.com,
mhurst@aspenres.com,
mhurst@inconnect.com,
michael.paddon@activesky.com,
michael.settles@verizon.net,
michael.spratte@compaq.com,
michael.thesing@acsatlanta.com,
michael.young@tor.sunpub.com,
michael@afs.com,
michael@montage.com,
michael@thecube.com,
michael@whiteley.com,
michael@wmsoftware.com,
michaelc@travsoft.com,
michaelm@netsol.com,
michaud@zk3.dec.com,
michine@net.paso.fujitsu.co.jp,
mickey@enforcer.cc,
mike.Velten@liebert.com,
mike.goddard@ardent.com.au,
mike.little@GDC4S.com,
mike.morris@amx.com,
mike@mhudack.com,
mike@minivend.com,
mike@omnibond.com,
mike@spiralcraft.com,
mikea@sp32.com,
mikec@instantservice.com,
mikedoug@datafoundry.net,
mikel@precisesoft.co.il,
mikemas@microsoft.com,
mikes@softsys-inc.com,
mikhail@imrgold.com,
mim@ermuk.com,
mindlace@digicool.com,
ming@veritas.com,
mingp@corel.ca,
minnear@ipsilon.com,
mircea@videotron.ca,
miriamw@adirtech.com,
misha@unx.dec.com,
mita@ssdev.ksp.fujixerox.co.jp,
mitra@earth.path.net,
miyahara@pfu.co.jp,
mjb@concurrent.co.uk,
mjc@exbit.dk,
mjchen@trendchip.com.tw,
mji@vistacomp.com,
mjoseph@dosa.cisco.com,
mjs@tycho.ncsc.mil,
mjw@hplb.hpl.hp.com,
mk@weconnectyou.com,
mkg@san.rr.com,
mkruk@biscom.com,
ml@nh.ca,
mlciskey@plato.com,
mlewan0@us.ibm.com,
mlk@epicon.com,
mm@audiojuggler.com,
mmaass@us.ibm.com,
mmarcucci.amtec@interbusiness.it,
mmester@cymtec.com,
mmi@cedros.com,
mmi@pmsmicado.com,
mmiller@MICROSOFT.com,
mmorgan@lucent.com,
mmorin@sdlintl.com,
mobius1@cerfnet.com,
mobrien02@attbi.com,
moconnor@adobe.com,
moelard@lucent.com,
mohsen@neda.com,
mohsen@rostam.neda.com,
moises@accugraph.com,
monty@analytikerna.se,
monty@nextnorth.acs.ohio-state.edu,
moore@cs.utk.edu,
moraros@via.enet.dec.com,
morgan@mpt.ie,
morten.christensen@I-DATA.COM,
mortong@pacdata.com,
moscat@hprdstl0.rose.hp.com,
moshap@microsoft.com,
moshe@softlinkusa.com,
moshe@whale-com.com,
mounir.hahad@eecad.com,
mpaderzas@bluelance.com,
mphunter@qnx.com,
mpm@boombox.micro.umn.edu,
mproulx@okiok.com,
mrodbell@ciena.com,
mrose@dbc.mtview.ca.us,
msagen@extensis.com,
msb@chromagrafx.com,
mshearson@peerglobal.com,
msparks@telequiplabs.com,
msridhar@sitaranetworks.com,
mstevens@ellacoya.com,
msweet@ctr.nawcad.navy.mil,
mta@um.cc.umich.edu,
mthakur@interbase.com,
mtseitlin@iname.com,
mullanwi@usa.net,
murai@saint.nm.fujitsu.co.jp,
murali_ranganathan@quickmail.apple.com,
muroi@pfu.co.jp,
murphy@sevens.lkg.dec.com,
murray@officedomain.com,
murthy@novell.com,
mvs@apple.com,
mwj@cyasolutions.com,
mww@warwick.net,
myk.willis@citrix.com,
myong@netattach.com,
mzunke@fast-ag.de,
n.davoust@cablelabs.com,
nabe@sm.sony.co.jp,
naka@case.nm.fujitsu.co.jp,
nakagawa@sigsci.com,
nakamura@np.lps.cs.fujitsu.co.jp,
naoi@pfu.co.jp,
naonao@kikaku.mmp.fujitsu.co.jp,
natale@acec.com,
nbaroz@encore.com,
nchris@austin.ibm.com,
ndldev@ndl.co.uk,
neer@qsr.co.il,
neil@UUNET.UU.NET,
neil@indigo2.mvel.demon.co.uk,
nelson@TopLayer.com,
nelson@thursby.com,
nesbitt@cp10.es.xerox.com,
net@worldfusion.com,
netdb@kostis.net,
newcomer@flounder.com,
newt@uchicago.edu,
next@nda.vsnl.net.in,
niallm@orca.ucd.ie,
niallocl@quay.ie,
nick.desmith@histech.com,
nick.woronuk@megasys.com,
nick@ghostwood.org,
nick@sendit.se,
nigel@algor.co.uk,
nitza@isd.3com.com,
nitzan@brm.com,
njh@ansa.co.uk,
nkumar@triquest-da.com,
nnarasimharao@novell.com,
noahp@altavista.net,
noahp@ultranet.com,
noble@netmind.com,
noor@hypercom.com,
norbert@linuxnetworks.de,
norm_brie@sns.ca,
normfree@att.net,
normfree@worldnet.att.net,
nplante@dmod.com,
nstanev@csoft.bg,
nstowfis@esps.com,
nut-iana@exploits.org,
nutello@sweetness.com,
oes@privoxy.org,
og@wsbgrd01.italy.hp.com,
ohmura@isl.mei.co.jp,
oi2000@shorizons.com,
ojilles@hotmail.com,
okazawa.takashi@canon.co.jp,
okorf@netcs.com,
okubo@yk.fujitsu.co.jp,
okuma@silex.jp,
ola.sandstrom@anoto.com,
olegn@corelcomputer.com,
oleh@interlinq.com,
oliver@time-lines.com,
om@tipgroup.com,
ono@saint.nm.fujitsu.co.jp,
opencyc@hpopd.pwd.hp.com,
operator@foresyte.com,
oran@8x8.com,
oren@omnisky.com,
ormonde@aker.com.br,
oshea@bellsouth.net,
osokin@paragraph.com,
oth@ratio.de,
otterley@Pass.COM,
owen.sullivan@aldiscon.ie,
p.applegate2@genie.geis.com,
p.favre@cryo-networks.fr,
p.sanders@dial.pipex.com,
p00321@psilink.com,
paa@bull.se,
panicride@hao.org,
panvelt@xnai.com,
papy@telindus.be,
paronson@esri.com,
pasi.nuutinmaki@environics.fi,
pato@apollo.hp.com,
patr@xcert.com,
pau@VNET.IBM.COM,
paul.anderson@ip-cs.com,
paul.austin@natinst.com,
paul.greenfield@unisys.com,
paul.kraus@veritas.com,
paul.mcentire@columbiasc.ncr.com,
paul.snook@heroix.co.uk,
paul@funk.com,
paul@icona.it,
paul@insitu.com,
paul@ioc-sea.com,
paul@poweronsoftware.com,
paul@softarc.com,
paul@tribal.com,
paul@vix.com,
paul_fonte@mediastation.com,
paulcarmichael@indx.net,
pauld@anthonydata.com,
paulfordh@uk.ibm.com,
paulg@quay.ie,
paulh@idonix.co.uk,
paulle@microsoft.com,
paulwi@vnd.tek.com,
pavlin@catarina.usc.edu,
pbannister@quests.com,
pboucher@rappore.com,
pcarlson@tier2.com,
pcfberg@ibm.net,
pchipman@memphis.edu,
pcmoore@sandia.gov,
pditmars@BBN.COM,
pdl@sectra.se,
pduncan@beaconcrm.com,
pe77@dial.pipex.com,
pekka.takaranta@tellabs.fi,
pen@lysator.liu.se,
petec@silverplatter.com,
peter.egli@inalp.com,
peter.egli@mail.inalp.com,
peter.kollath@canex.sk,
peter.phaal@inmon.com,
peter.sandstrom@tassen.fi,
peter.williams@smallworld-us.com,
peter.zurich@swc.com,
peter@bmc.uu.se,
peter@commlinx.com.au,
peter@deltasolutions.nl,
peter@ee.newcastle.edu.au,
peter@novonyx.com,
peter@pscomp.com,
peter@spis.co.nz,
peter_morrison@sydney.sterling.com,
peter_white@3com.com,
peterb@panasas.com,
peterhus@microsoft.com,
petewong@microsoft.com,
pfc@pacvax.pacersoft.com,
pfilipovic@digital5.com,
pfurlong@darkknight.ca,
pg@uplanet.com,
pgalvin@databeam.com,
pgilbert@cal.fr,
pguyot@kallisys.net,
phb@SIDEFX.COM,
phbinet@vnet.IBM.COM,
phellberg@isogon.com,
phil.heil@dvtsensors.com,
phil@UCBARPA.BERKELEY.EDU,
phil@bergstresser.org,
phil@braham.net,
phil@hawksoft.com,
phil@plus24.com,
philm@extro.ucc.su.OZ.AU,
phivos@opendesign.com,
phoffman@imc.org,
phreed@netarx.com,
pierre.arnaud@iname.com,
piers@globecastne.com,
pingpan@juniper.net,
pit@3dgo.com,
pjacobs@tullib.com,
pjn@mcsdallas.com,
pjweyman@noblenet.com,
pki-ops@trustdst.com,
pm@datcon.co.uk,
pmcginnis@server.stmi.com,
pmcgowan@folio.com,
pmorton@cisco.com,
poirier@VNET.IBM.COM,
porter@mango.com,
portmaster@cruisetech.com,
ports@apcc.com,
ports@netpro.com,
ports@xippix.com,
postel@isi.edu,
postmaster@example.com,
postmaster@journee.com,
postmaster@urbis.net,
postmaster@virtual-alias.domain,
potter@movies.enet.dec.com,
pouffary@taec.enet.dec.com,
pparlewicz@queryobject.com,
pradeepb@microsoft.com,
prakash_banthia@3com.com,
pran@veritas.com,
prashant@semaphorecom.com,
president@medialingo.com,
priikone@poseidon.pspt.fi,
pristine@mailcity.com,
pritham@andromedia.com,
pritham@macromedia.com,
probinson@plosive.com,
ps@teles.de,
psahlqvi@sw.seisy.abb.se,
psantinelli@narrative.com,
ptee@oce.nl,
pwang@cs.kent.edu,
pww@entrust.com,
quentin@ColumbiaSC.NCR.COM,
quest_iana@oz.quest.com,
quinlan@yggdrasil.com,
quinton@deltacompsys.com,
r.banfill@reftek.com,
r.kay@nz.dialogic.com,
r.stefanik@gatelinx.com,
r_moore@tunstall.co.uk,
rac@racc.com,
racer@bfpg.ru,
rad@specview.com,
raghu@quintus.com,
raj@cisco.com,
ralf.doewich@optimatele.com,
ralph.campbell@xasystems.com,
ralph.greenwell@cognima.com,
ralph.kammerlander@khe.siemens.de,
ram@aaccorp.com,
rama_nadendla@agilent.com,
ramana@kovi.com,
rami@hybrid.com,
ramills@us.ibm.com,
ramy@lumos.com,
rand@randix.m.isr.de,
randall@apple.com,
randy@oceansoft.com,
randy@qualcomm.com,
randym@xiotech.com,
rapson@sofaware.com,
rarmes@axarte.com,
rarmington@lipsinc.com,
rathmann_ia@milesinfo.com,
ratnadeep.bhattacharjee@sun.com,
ravi.tavakley@veritas.com,
ray.caruso@netvion.com,
ray.jantz@lsil.com,
ray@rocks.net,
rayan@AI.TORONTO.EDU,
rayd@slu.tr.unisys.com,
rbassous@yahoo.com,
rbg@austin.ibm.com,
rbremer@future-gate.com,
rchansler@SANavigator.com,
rdemornay@norton-lambert.com,
rdeweerd@bmc.com,
rdiederik@descartes.com,
rdk@empiretech.com,
rdl@rdl.cnd.hp.com,
rdroms@NRI.RESTON.VA.US,
realspace@starwolf.biz,
reden@sieglertech.com,
redingb@nwdt.natwest.co.uk,
reed@cyc.com,
reedc@ctech.com,
reginfo@biolinkusa.com,
registrar@eros-os.org,
reid.ligon@pscnet.com,
reid@DECWRL.DEC.COM,
reid@connectrf.com,
rel@mesasys.com,
rellman@calicotech.com,
remi@debian.org,
ren@veritas.com,
repstein@host.net,
reverbel@ime.usp.br,
rfarnham@salient.com,
rfolkes@avl.com,
rgiese@peddie.org,
rgokhale@bindview.com,
rgolla@cisco.com,
rh@matriplex.com,
rh@source.net,
rharrison@checkpoint.com,
rhenn@fastechnologies.com,
rhh@nmail.holditch.com,
rhodges@prismiq.com,
rhthomas@cisco.com,
rhufsky@csesys.co.at,
riccardo@inetcosmos.org,
richard@apoapsis.com,
richard@brainstorm.co.uk,
richard_maxwell@uk.ibm.com,
richard_nikula@bmc.com,
richard_zulch@dantz.com,
richardf@lucasarts.com,
richt@fireking.com,
richt@watson.ibm.com,
rick@UUNET.UU.NET,
rick@bilmillennium.com,
ricky@solect.com,
rip@lan-aces.com,
ritub@microsoft.com,
rja@home.net,
rja@inet.org,
rjm@cobra.jpl.nasa.gov,
rjrennie@wizvax.net,
rlamb@microsoft.com,
rlyons@vicon-cctv.com,
rmackowiak@quest.com,
rmahajan@netaphor-software.com,
rmc@sni.ca,
rminnich@acl.lanl.gov,
rminnich@sarnoff.com,
rmmeli%winvmd@vnet.ibm.com,
rmosh@checkpoint.com,
rnandyal@emc.com,
rnd_ana@checkpoint.com,
rob.lockhart@mot.com,
rob@alice.net,
rob@gangrene.berkeley.edu,
rob@natinst.com,
rob@sys3.pe1chl.ampr.org,
robert.zuccherato@entrust.com,
robert@banfill.net,
robert@cyrus.watson.org,
robert@intrinsa.com,
robert@paratek.co.uk,
robin.lewis@lanyon.com,
robin@gradient.com,
robin_u@adtech-inc.com,
robinj@learningtree.com,
robj@vsi.com,
robla@prognet.com,
rocca@multiboard.com,
rodney@cyclone.rfx.com,
roerl@web.de,
rogerb@sco.com,
rohan@aurema.com,
rohit.garg@eng.sun.com,
rohit@objectScape.com,
rohrer@cse.ucsc.edu,
roman@previo.ee,
romano@netinst.com,
romeo@microcomgroup.com,
ron.barber@panja.com,
ron@artifactsoftware.com,
ron@itinternet.net,
ron@zoogaloo.com,
ronaldl@hpindacx.cup.hp.com,
ronen@digitalfountain.com,
ronenz@cyber-ark.com,
roni_e@accord.co.il,
root@ark.dyn.ml.org,
root@delphix.com,
root@netspeak.com,
rorr@teltone.com,
rosenthl@krypton.einet.net,
ross@TopLayer.com,
ross@rocksoft.com,
ross@toplayer.com,
roy.lyseng@maxware.no,
roy@kmsys.com,
royal.king@compaq.com,
rpao@corder-eng.com,
rrh@gxt.com,
rsanjay@nortelnetworks.com,
rsc@merit.edu,
rsnider@sounds.com,
rspartz@alliancetechnical.com,
rsudama@on.com,
rthrashe@veritas.com,
rtm@banyannetworks.com,
rudolf@pobox.com,
rudolphb@microsoft.com,
ruff@swand.lake.de,
russ.olivant@metrica.co.uk,
russf@topia.com,
ruth.slater@ideagen.co.uk,
rv@intellistor.com,
ryanbo@microsoft.com,
rzolfonoon@securitydynamics.com,
s-dorner@UIUC.EDU,
saar@trivnet.com,
sabadello@starbot.org,
sabadello@startron.org,
sabri@cluecentral.net,
sabud@zicomsecure.com,
sadia@maincontrol.com,
sahara@jdl.co.jp,
sais@ssec.wisc.edu,
sajed.husein@invensys.com,
sallen@macromedia.com,
sam_borman@uk.ibm.com,
sameer.deokule@veritas.com,
sandeep@reefedge.com,
saperia@bgs.com,
sarah@telergy.com,
sarge@centerspan.com,
sarkar@vnet.ibm.com,
sasaki@silex.jp,
sbcliff@controltechnology.com,
sbenoi01@eng.eds.com,
sbooth@VNET.IBM.COM,
sbourque@arilia.com,
schiang@cisco.com,
schief@aspen.cray.com,
schlangm@informatik.uni-muenchen.de,
schmidth@de.ibm.com,
schoff@NISC.NYSER.NET,
schoofs_koen@emc.com,
schoultz@sunet.se,
schroeder@SDS.SDSC.EDU,
schsy02@cai.com,
schulzrinne@fokus.gmd.de,
scipolli@radvision.com,
sclark@equinox.com,
scliff@remotec-andros.com,
scomm@cerf.net,
scott.shaffer@hp.com,
scott.southard@netiq.com,
scott@Replicase.com,
scott@statsci.com,
scott@tioga.com,
scott@zk3.dec.com,
scottk@truebluesoftware.com,
sdatta@ragula.com,
sdavis@optum-inc.com,
sdobson@allstor.com,
sdtech@tin.it,
sdun@isma.co.uk,
sduv@sfbay.sun.com,
sea@apple.com,
sean@maclawran.ca,
sean@slimdevices.com,
seb_ibis@pkworld.com,
sebastien.bury@art.alcatel.fr,
secretary@ifsf.org,
securiweb@pandore.qc.ca,
senthil@veritas.com,
serge@previo.ee,
seric@cup.hp.com,
seric@hposl102.cup.hp,
sesin@vaultbase.com,
seth@arepa.com,
sfavor@tigger.intecom.com,
sfields@identix.com,
sgabor90@hotmail.com,
sgrau@stonefalls.com,
sgrigsby@austin.eent.com,
sguthery@mobile-mind.com,
sgy@cix.compulink.co.uk,
shadow@dementia.org,
shafriri@ilccm1.iil.intel.com,
shailesh.bavadekar@sun.com,
shalver@us.ibm.com,
shane@opennms.org,
shane@shaneroberts.com,
shd@kopek.net,
sheila_childs@bmc.com,
sheila_devins@VNET.IBM.COM,
shekarp@firstfloor.com,
shemminger@passedge.com,
sherrill@commvault.com,
shia@uunet.UU.NET,
shin@hodaka.mfd.cs.fujitsu.co.jp,
shinohara@VNET.IBM.COM,
shinrich@cisco.com,
shivak@eng.sun.com,
shivaun_albright@hp.com,
shoemakerml@rapistan.com,
shollenb@netsol.com,
shollenbeck@verisign.com,
shuelin@mdk.sanjose.vlsi.com,
sid@parsec.org,
sidinf@brfapesp.bitnet,
sigfusm@menandmice.com,
simon.j.parker@philips.com,
simon.jolly@origin-data.co.uk,
simonb@alien.net.au,
simonb@sco.com,
simonh@brandcomms.com,
simpson@centerline.com,
simsong@next.cambridge.ma.us,
singhal@CS.Stanford.EDU,
sinnadurai.dharshan@ni.com,
sirbu+@andrew.cmu.edu,
sjg@quick.com.au,
sjn@cray.com,
sjohnson@mindspring.com,
sk@tleilaxu.sde.hp.com,
sl@wimsey.com,
slavek@optiwave.com,
slugg@nwnexus.wa.com,
smb@cs.purdue.edu,
smccrea@etlelectronique.com,
smedvinsky@gi.com,
sml@ansyspo.ansys.com,
snb@oc.com,
sndrewsh@sco.com,
solomon@CS.WISC.EDU,
solson@cognex.com,
sonardata@sonardata.com,
sp.amtec@interbusiness.it,
spataro_steve@emc.com,
spear@platinum.com,
sphipps@vnet.ibm.com,
spich04@cai.com,
spidell@persoft.com,
spolishinski@etcconnect.com,
spot@digitalenvoy.net,
spowell@openhorizon.com,
srajesh@cup.hp.com,
srdjan@empress.com,
sread@ridgeway-sys.com,
sreddy@vitalsigns.com,
sreenib@lsil.com,
sri@radiance.com,
srinivas@proxim.com,
srl@taligent.com,
srobert@logava.com,
sross@codimatech.com,
srr@vnet.ibm.com,
srradia@kasumbi.Eng.Sun.COM,
sryckman@simsware.com,
ss@dbsa.com,
ssawkins@netlock.com,
ssawkins@symantec.com,
ssc@sc.stk.com.cn,
ssiebert@dcs.de,
ssiu@svnetworks.com,
sskaflot@online.no,
sstsys@ix.netcom.com,
stabl@informatik.uni-muenchen.de,
stan@omnicomtech.com,
stan@translogic.com,
stanaway@comm.mot.com,
standards@expand.com,
standards@itworx.com,
standards@starquest.com,
starone@proactivethought.com,
stclair@NTC.ADAPTEC.com,
stclair@ntc.adaptec.com,
stefan@veritas.com,
steiger@ensemblesoft.com,
stepan.riha@hand.com,
stephane@cisco.com,
stephb@incognito.com,
stephen.aikins@embarcadero.com,
stephen_gold@hp.com,
steve.hanna@sun.com,
steve.misel@interpath.net,
steve.sando@diversifiedsoftware.com,
steve.vanduser@bestpower.gensig.com,
steve@icgresearch.com,
steve@moonsoft.com,
steve@satelnet.org,
steve@uunet.uu.net,
steve_britt@hp.com,
steveb@pacomsystems.com,
stevefr@mosaix.com,
steveg@pa.dec.com,
steveh@continuus.com,
stevek@ionetworks.com,
stevekellogg@mezzogmr.com,
steven.clark@avocent.com,
stevep@Availant.com,
stg-togo@saint.nm.fujitsu.co.jp,
stie@interbase.com,
stjohns@arpa.mil,
stk@infoseek.com,
stredicke@snom.de,
streetd1@ix.netcom.com,
strick@yak.net,
stsun@calient.net,
stsun@jetstream.com,
stuart.newman@fortel.com,
stuart@jacl.animats.net,
stuart@ok-brit.com,
stvp@smash.tv,
subrotod@altera.com,
sudhir@centerspan.com,
sugisawa.kouji@soft.fujitsu.com,
support@cogsys.co.uk,
support@danware.dk,
support@digitalenvoy.net,
support@home-online.de,
support@igo-incognito.com,
support@ljk.com,
support@nexusconcepts.com,
support@pftp.de,
support@radmin.com,
support@silvaco.com,
support@unidata.ucar.edu,
susakim@noa.nttdata.jp,
suzanne.lorrin@ansys.com,
swan@neon.com,
swchi@daou.co.kr,
sxdev@modulardreams.com,
syamanaka@jci.co.jp,
sylvain@sypecom.qc.ca,
system@venus.mctel.fr,
t.kee@f5.com,
takeda@atashi.net,
takeo_sato-iana@cloanto.com,
takeshi.saito@toshiba.co.jp,
takeshi@cp10.es.xerox.com,
tal_g@rad.co.il,
tasos@cs.bu.edu,
tatham@e-oddie.com,
tatibana@exs.ts.fujitsu.co.jp,
tatibana@yk.fujitsu.co.jp,
taylor@heart.epps.kodak.com,
taylor@nortelnetworks.com,
tb@ap-ag.com,
tbaker@ecolor.com,
tdawson%mspboss@uunet.UU.NET,
teague@zso.dec.com,
tech@nicetec.de,
tecnico@xonelectronics.it,
tedp@hpinpcb.cup.hp.com,
teleconsult@t-online.de,
tellis@novell.com,
tengi@Princeton.EDU,
terry_gin@inter-tel.com,
terzis@cs.ucla.edu,
tes@ncd.com,
tetsuya@saint.nm.fujitsu.co.jp,
tex@spss.com,
tf@arc.bs1.fc.nec.co.jp,
tgeisel@symax.de,
tgl@sss.pgh.pa.us,
thalerd@eecs.umich.edu,
thenn@novadigm.com,
theon@nijssen.nl,
thesis@elementary.pl,
thess@livevault.com,
theta@theta-ent.com,
thomas.clausen@inria.fr,
thomas@bitrot.de,
thomas@datus-usa.com,
thomas@oils.enet.dec.com,
thomasmruchti@eaton.com,
thomassoerensen@stofanet.dk,
thompr@earthlink.net,
thornton@qm7501.genrad.com,
thunnewell@pinna.com,
tim.sent@systemsarchitects.com,
tim.wiegand@navisworks.com,
tim@hotu.com,
tim@ultrex.com,
tim_mcgranaghan@mech.disa.mil,
timb@vytalnet.com,
timbl@W3.org,
timo.sivonen@ccmail.dowjones.com,
timothyb@microwavenetworks.com,
timothygh@hotmail.com,
timyoung@elevatesoft.com,
tjohnson@broadcom.com,
tjt@bu.edu,
tkl@pentek.com,
tklehr@telcordia.com,
tlake@m-ware.com,
tlandis@inprise.com,
tlinde@microsoft.com,
tlubrano@neonsys.com,
tmakinen@pp.htv.fi,
tmatthews@triomotion.com,
tmayo1@rochester.rr.com,
tmcca@westell.com,
tmlee@us.oracle.com,
tmori@VNET.IBM.COM,
tobias@server.et-inf.fho-emden.de,
tobin.j.schuster@jci.com,
toda@mmedia.mci.mei.co.jp,
todd.glassey@att.net,
todd@DO11073.com,
todd@convergence.net,
toddba@attachmate.com,
toku@pfu.co.jp,
tom.dannemiller@rolls-royce.com,
tom.findley@networksciences.net,
tom.nys.tn@belgium.agfa.com,
tom.snauwaert@st-electronics.be,
tom1@launchbird.com,
tom@hbsrx.com,
tom@lanworks.com,
tom_soranno@cipartners.com,
tomb@apptechsys.com,
tomfr@microsoft.com,
tomh@metrics.com,
toml@banyan.com,
tommy@inlab.m.eunet.de,
tomw@ssec.wisc.edu,
tonio@tpis.com.au,
tony.cleveland@jacobus.com,
tony.gibbs@europe.simoco.com,
tony@cpdi.com,
tony@cryptocard.com,
tony_bushnell@four-sight.co.uk,
tonys@gemtech.com,
torsten.rendelmann@procos.com,
torsten.scheffler@apex.de,
touch@isi.edu,
toungate@austin.ibm.com,
tquinlan@digitechinc.com,
tr@emaden.com,
trajcan@ipesoft.sk,
trance@lionhead.co.uk,
treagan@kofax.com,
triad@df.lth.se,
tridge@samba.anu.edu.au,
trockij@transmeta.com,
trostler@juniper.net,
troth@rice.edu,
troy@graphon.com,
troy@kroll.corvu.com.au,
troy@zyxel.com,
ts@bintec.de,
ts@datcon.co.uk,
tschleu@canto.de,
tshain@precise.com,
tsimms@plethoratech.com,
tsm@unx.dec.com,
ttam@hkcix.com,
ttheobald@opentable.com,
ttronson@novell.com,
tuecke@mcs.anl.gov,
turley@symplex.com,
twhite@telexicorp.com,
twichers@csn.org,
tytso@MIT.EDU,
tzvikac@netvision.net.il,
udi_nir@ncc.co.il,
ugsmith@cesi.com,
umac-64@openssh.com,
umeth@sparta.com,
uncommon@uncommonplace.com,
unknown-user@virtual-alias.domain,
uri@arx.com,
uri@il.netect.com,
urs.ryf@selectron.ch,
urs@netmosphere.com,
ursch@taec.enet.dec.com,
user+mailbox@example.com,
user1@virtual-alias.domain,
user2@virtual-alias.domain,
user@anything.example.com,
user@domain.tld,
user@example.com,
user@other.host,
user@that.users,
uwe.rathert@ieee.org,
vadim@magic.fr,
van@ee.lbl.gov,
vandys@vandys-lap.cisco.com,
vapcom@mail.ru,
varma@calient.net,
vax@ccwf.cc.utexas.edu,
vbrauner@datamedia.fr,
veizades@ftp.com,
veloso@us.itmasters.com,
venkatr@vitalsigns.com,
venky@fafner.Stanford.EDU,
vf@eisti.fr,
vfarrace@eaglept.com,
vgris@aironet.com,
vikas@graycell.com,
vikki@ipdynamics.com,
vincent_chin@bmc.com,
vinh@sportvision.com,
vinsot@enatel.com,
virgilio@harpax.com,
vitaly@netapp.com,
vitaly@webmanage.com,
volz@ipworks.com,
vwelch@ncsa.uiuc.edu,
waiki@us.ibm.com,
wald@ez-darmstadt.telekom.de,
walter.eichelburg@sat-automation.com,
walters@cs.ucdavis.edu,
wap-feedback@mail.wapforum.org,
warren@chameleon-creative.co.uk,
watanabe@godzilla.rsc.spdd.ricoh.co,
watt@sware.com,
wdp@ironwood.cray.com,
web@unx.dec.com,
weber@vfi.com,
webmaster@cd-lab.com,
webmaster@dsbcpas.com,
webmaster@dummy-host.example.com,
webmaster@dummy-host2.example.com,
webmaster@smsforum.net,
wegner@novagate.de,
wei@mylex.com,
welch@scriptics.com,
wessels@nlanr.net,
wew@bearnet.com,
wgcho@dialpad.com,
wheat@wg.com,
will@wrs.com,
william.david@lmco.com,
william@royere.net,
willie@mds.com,
wilsonk%toronto@zip.atm.com,
wing.to@micromuse.com,
wing.to@mircromuse.com,
wiseobject@yahoo.com,
wisner@HAYES.FAI.ALASKA.EDU,
wiz@telesis.com,
wlai@microsoft.com,
wls@wls.org,
wo@ideafarm.com,
wolf@cobrow.com,
wolfgang@wsrcc.com,
wood@althea.hks.com,
worlddab_irc@worlddab.org,
wpgoodwin@asna.com,
wpolites@mitre.org,
wrb@world.std.com,
wrm@fortenet.com,
wsimpson@greendragon.com,
wstoye@atml.co.uk,
wunder@infoseek.com,
www@my.domain.com,
wyattw@icall.com,
wyman@peabody.plk.af.mil,
xroques@infovista.fr,
xsSupport@semantix.com,
y-ohiwa@ael.fujitsu.co.jp,
y-sakurai@ael.fujitsu.co.jp,
yair@flashnetworks.com,
yamasita@omronsoft.co.jp,
yamazaki@ael.fujitsu.co.jp,
yarivk@gilat.com,
yarong@microsoft.com,
yasai@nw1.file.fc.nec.co.jp,
ycai@emc.com,
yeh@netix.com,
yiftach@haifa.vnet.ibm.com,
ylee@syl.dl.nec.com,
ylo@cs.hut.fi,
yochai@combox.co.il,
yogesh@cytel.com,
yon@tactical-sw.com,
yonedat@pfu.co.jp,
yoshii@ael.fujitsu.co.jp,
yosimass@haifa.vnet.ibm.com,
yossi@bandwiz.com,
yossi@gilat.com,
yossi@proxy.co.il,
yossia@magicom.co.il,
you@example.com,
yuki@euc.jp,
yuri@ptc.com,
yvon@simware.com,
zan@accessone.com,
zarkov-port@zarkov.com,
zdenek.kolba@id-karta.cz,
zed@dfe3300.karelia.ru,
zegman@checkpoint.com,
zellers@apple.com,
zellers@basilsoft.com,
zephyr-bugs@mit.edu,
zia@netright.com,
zweig@netwave-wireless.com,
zyg@jetform.com,
